#
# There is insufficient memory for the Java Runtime Environment to continue.
# Native memory allocation (malloc) failed to allocate 1048576 bytes. Error detail: AllocateHeap
# Possible reasons:
#   The system is out of physical RAM or swap space
#   This process is running with CompressedOops enabled, and the Java Heap may be blocking the growth of the native heap
# Possible solutions:
#   Reduce memory load on the system
#   Increase physical memory or swap space
#   Check if swap backing store is full
#   Decrease Java heap size (-Xmx/-Xms)
#   Decrease number of Java threads
#   Decrease Java thread stack sizes (-Xss)
#   Set larger code cache with -XX:ReservedCodeCacheSize=
#   JVM is running with Unscaled Compressed Oops mode in which the Java heap is
#     placed in the first 4GB address space. The Java Heap base address is the
#     maximum limit for the native heap growth. Please use -XX:HeapBaseMinAddress
#     to set the Java Heap base and to place the Java Heap above 4GB virtual address.
# This output file may be truncated or incomplete.
#
#  Out of Memory Error (allocation.cpp:44), pid=11000, tid=17000
#
# JRE version: OpenJDK Runtime Environment Temurin-21.0.10+7 (21.0.10+7) (build 21.0.10+7-LTS)
# Java VM: OpenJDK 64-Bit Server VM Temurin-21.0.10+7 (21.0.10+7-LTS, mixed mode, sharing, tiered, compressed oops, compressed class ptrs, parallel gc, windows-amd64)
# No core dump will be written. Minidumps are not enabled by default on client versions of Windows
#

---------------  S U M M A R Y ------------

Command Line: --add-modules=ALL-SYSTEM --add-opens=java.base/java.util=ALL-UNNAMED --add-opens=java.base/java.lang=ALL-UNNAMED --add-opens=java.base/sun.nio.fs=ALL-UNNAMED -Declipse.application=org.eclipse.jdt.ls.core.id1 -Dosgi.bundles.defaultStartLevel=4 -Declipse.product=org.eclipse.jdt.ls.core.product -Djava.import.generatesMetadataFilesAtProjectRoot=false -DDetectVMInstallationsJob.disabled=true -Dfile.encoding=utf8 -XX:+UseParallelGC -XX:GCTimeRatio=4 -XX:AdaptiveSizePolicyWeight=90 -Dsun.zip.disableMemoryMapping=true -Xmx2G -Xms100m -Xlog:disable -javaagent:c:\Users\Admin\.vscode\extensions\redhat.java-1.53.0-win32-x64\lombok\lombok-1.18.39-4050.jar -XX:+HeapDumpOnOutOfMemoryError -XX:HeapDumpPath=c:\Users\Admin\AppData\Roaming\Code\User\workspaceStorage\58a4dc84bdc1eb3e913a5ae57daeca2d\redhat.java -Daether.dependencyCollector.impl=bf c:\Users\Admin\.vscode\extensions\redhat.java-1.53.0-win32-x64\server\plugins\org.eclipse.equinox.launcher_1.7.100.v20251111-0406.jar -configuration c:\Users\Admin\AppData\Roaming\Code\User\globalStorage\redhat.java\1.53.0\config_win -data c:\Users\Admin\AppData\Roaming\Code\User\workspaceStorage\58a4dc84bdc1eb3e913a5ae57daeca2d\redhat.java\jdt_ws --pipe=\\.\pipe\lsp-4f9134bf9f51028fb925af767cac3765-sock

Host: 11th Gen Intel(R) Core(TM) i3-1115G4 @ 3.00GHz, 4 cores, 7G,  Windows 11 , 64 bit Build 26100 (10.0.26100.7705)
Time: Fri Mar 13 15:54:30 2026 SE Asia Standard Time elapsed time: 1713.893286 seconds (0d 0h 28m 33s)

---------------  T H R E A D  ---------------

Current thread (0x0000024e3bc002b0):  JavaThread "Attach Listener" daemon [_thread_in_vm, id=17000, stack(0x0000005b39b00000,0x0000005b39c00000) (1024K)]

Stack: [0x0000005b39b00000,0x0000005b39c00000]
Native frames: (J=compiled Java code, j=interpreted, Vv=VM code, C=native code)
V  [jvm.dll+0x6d7a39]
V  [jvm.dll+0x8b4b26]
V  [jvm.dll+0x8b70de]
V  [jvm.dll+0x8b77c3]
V  [jvm.dll+0x284346]
V  [jvm.dll+0xc1277]
V  [jvm.dll+0x6d82e9]
V  [jvm.dll+0x1334a6]
V  [jvm.dll+0x3f857e]
V  [jvm.dll+0x85f59d]
V  [jvm.dll+0x6d626d]
C  [ucrtbase.dll+0x37b0]
C  [KERNEL32.DLL+0x2e8d7]
C  [ntdll.dll+0x8c40c]


---------------  P R O C E S S  ---------------

Threads class SMR info:
_java_thread_list=0x0000024e06cb10d0, length=45, elements={
0x0000024e232f2d20, 0x0000024e3bbf7fa0, 0x0000024e3bbfa640, 0x0000024e3bbff850,
0x0000024e3bc002b0, 0x0000024e3bc00d10, 0x0000024e3bc02780, 0x0000024e3bc075e0,
0x0000024e3bc7f470, 0x0000024e7db9b5a0, 0x0000024e7dc50660, 0x0000024e7e4c9f40,
0x0000024e7e417720, 0x0000024e7e217410, 0x0000024e7e5926c0, 0x0000024e7e869720,
0x0000024e7ddf97e0, 0x0000024e7ddf9e70, 0x0000024e7ddfb220, 0x0000024e7ddf8430,
0x0000024e056852d0, 0x0000024e05681e50, 0x0000024e05683f20, 0x0000024e056824e0,
0x0000024e05683890, 0x0000024e05683200, 0x0000024e05682b70, 0x0000024e044df540,
0x0000024e068e7d00, 0x0000024e1216a330, 0x0000024e12169610, 0x0000024e1216b050,
0x0000024e1216b6e0, 0x0000024e12168260, 0x0000024e7e762dc0, 0x0000024e7e766240,
0x0000024e7e763ae0, 0x0000024e7e763450, 0x0000024e7e7675f0, 0x0000024e068e5c30,
0x0000024e068e41f0, 0x0000024e068e34d0, 0x0000024e068e3b60, 0x0000024e068e8a20,
0x0000024e1216a9c0
}

Java Threads: ( => current thread )
  0x0000024e232f2d20 JavaThread "main"                              [_thread_blocked, id=22876, stack(0x0000005b39400000,0x0000005b39500000) (1024K)]
  0x0000024e3bbf7fa0 JavaThread "Reference Handler"          daemon [_thread_blocked, id=2296, stack(0x0000005b39800000,0x0000005b39900000) (1024K)]
  0x0000024e3bbfa640 JavaThread "Finalizer"                  daemon [_thread_blocked, id=6684, stack(0x0000005b39900000,0x0000005b39a00000) (1024K)]
  0x0000024e3bbff850 JavaThread "Signal Dispatcher"          daemon [_thread_blocked, id=23316, stack(0x0000005b39a00000,0x0000005b39b00000) (1024K)]
=>0x0000024e3bc002b0 JavaThread "Attach Listener"            daemon [_thread_in_vm, id=17000, stack(0x0000005b39b00000,0x0000005b39c00000) (1024K)]
  0x0000024e3bc00d10 JavaThread "Service Thread"             daemon [_thread_blocked, id=11596, stack(0x0000005b39c00000,0x0000005b39d00000) (1024K)]
  0x0000024e3bc02780 JavaThread "Monitor Deflation Thread"   daemon [_thread_blocked, id=2716, stack(0x0000005b39d00000,0x0000005b39e00000) (1024K)]
  0x0000024e3bc075e0 JavaThread "C2 CompilerThread0"         daemon [_thread_blocked, id=12040, stack(0x0000005b39e00000,0x0000005b39f00000) (1024K)]
  0x0000024e3bc7f470 JavaThread "C1 CompilerThread0"         daemon [_thread_blocked, id=7080, stack(0x0000005b39f00000,0x0000005b3a000000) (1024K)]
  0x0000024e7db9b5a0 JavaThread "Common-Cleaner"             daemon [_thread_blocked, id=20708, stack(0x0000005b3a000000,0x0000005b3a100000) (1024K)]
  0x0000024e7dc50660 JavaThread "Notification Thread"        daemon [_thread_blocked, id=15292, stack(0x0000005b3a100000,0x0000005b3a200000) (1024K)]
  0x0000024e7e4c9f40 JavaThread "Active Thread: Equinox Container: 2b3d7e22-4fcd-4692-8e1d-29f11de4bbba"        [_thread_blocked, id=7988, stack(0x0000005b3a200000,0x0000005b3a300000) (1024K)]
  0x0000024e7e417720 JavaThread "Framework Event Dispatcher: Equinox Container: 2b3d7e22-4fcd-4692-8e1d-29f11de4bbba" daemon [_thread_blocked, id=5760, stack(0x0000005b3a600000,0x0000005b3a700000) (1024K)]
  0x0000024e7e217410 JavaThread "Start Level: Equinox Container: 2b3d7e22-4fcd-4692-8e1d-29f11de4bbba" daemon [_thread_blocked, id=17708, stack(0x0000005b3a700000,0x0000005b3a800000) (1024K)]
  0x0000024e7e5926c0 JavaThread "Bundle File Closer"         daemon [_thread_blocked, id=16196, stack(0x0000005b3a800000,0x0000005b3a900000) (1024K)]
  0x0000024e7e869720 JavaThread "Refresh Thread: Equinox Container: 2b3d7e22-4fcd-4692-8e1d-29f11de4bbba" daemon [_thread_blocked, id=21880, stack(0x0000005b3a900000,0x0000005b3aa00000) (1024K)]
  0x0000024e7ddf97e0 JavaThread "SCR Component Actor"        daemon [_thread_blocked, id=10700, stack(0x0000005b3aa00000,0x0000005b3ab00000) (1024K)]
  0x0000024e7ddf9e70 JavaThread "Worker-JM"                         [_thread_blocked, id=10180, stack(0x0000005b3ab00000,0x0000005b3ac00000) (1024K)]
  0x0000024e7ddfb220 JavaThread "Java indexing"              daemon [_thread_blocked, id=8876, stack(0x0000005b3ae00000,0x0000005b3af00000) (1024K)]
  0x0000024e7ddf8430 JavaThread "JNA Cleaner"                daemon [_thread_blocked, id=9276, stack(0x0000005b3b200000,0x0000005b3b300000) (1024K)]
  0x0000024e056852d0 JavaThread "Thread-1"                   daemon [_thread_in_native, id=4952, stack(0x0000005b3b700000,0x0000005b3b800000) (1024K)]
  0x0000024e05681e50 JavaThread "Thread-2"                   daemon [_thread_in_native, id=13472, stack(0x0000005b3b800000,0x0000005b3b900000) (1024K)]
  0x0000024e05683f20 JavaThread "Thread-3"                   daemon [_thread_in_native, id=18480, stack(0x0000005b3b900000,0x0000005b3ba00000) (1024K)]
  0x0000024e056824e0 JavaThread "Thread-4"                   daemon [_thread_in_native, id=9360, stack(0x0000005b3ba00000,0x0000005b3bb00000) (1024K)]
  0x0000024e05683890 JavaThread "Thread-5"                   daemon [_thread_in_native, id=3000, stack(0x0000005b3bb00000,0x0000005b3bc00000) (1024K)]
  0x0000024e05683200 JavaThread "pool-2-thread-1"                   [_thread_blocked, id=6072, stack(0x0000005b3bc00000,0x0000005b3bd00000) (1024K)]
  0x0000024e05682b70 JavaThread "WorkspaceEventsHandler"            [_thread_blocked, id=20676, stack(0x0000005b3bd00000,0x0000005b3be00000) (1024K)]
  0x0000024e044df540 JavaThread "pool-1-thread-1"                   [_thread_blocked, id=4232, stack(0x0000005b3be00000,0x0000005b3bf00000) (1024K)]
  0x0000024e068e7d00 JavaThread "Cleaner-0"                  daemon [_thread_blocked, id=9316, stack(0x0000005b3c000000,0x0000005b3c100000) (1024K)]
  0x0000024e1216a330 JavaThread "ForkJoinPool.commonPool-worker-8" daemon [_thread_blocked, id=22768, stack(0x0000005b39300000,0x0000005b39400000) (1024K)]
  0x0000024e12169610 JavaThread "ForkJoinPool.commonPool-worker-10" daemon [_thread_blocked, id=11852, stack(0x0000005b3af00000,0x0000005b3b000000) (1024K)]
  0x0000024e1216b050 JavaThread "Compiler Source File Reader" daemon [_thread_blocked, id=9488, stack(0x0000005b3b000000,0x0000005b3b100000) (1024K)]
  0x0000024e1216b6e0 JavaThread "Worker-16"                         [_thread_blocked, id=20416, stack(0x0000005b3b100000,0x0000005b3b200000) (1024K)]
  0x0000024e12168260 JavaThread "Compiler Source File Reader" daemon [_thread_blocked, id=18184, stack(0x0000005b3b400000,0x0000005b3b500000) (1024K)]
  0x0000024e7e762dc0 JavaThread "LocalFile Deleter"          daemon [_thread_blocked, id=13908, stack(0x0000005b3c200000,0x0000005b3c300000) (1024K)]
  0x0000024e7e766240 JavaThread "Worker-17"                         [_thread_blocked, id=16832, stack(0x0000005b3c300000,0x0000005b3c400000) (1024K)]
  0x0000024e7e763ae0 JavaThread "Compiler Class File Writer" daemon [_thread_blocked, id=17544, stack(0x0000005b3c400000,0x0000005b3c500000) (1024K)]
  0x0000024e7e763450 JavaThread "Compiler Class File Writer" daemon [_thread_blocked, id=22116, stack(0x0000005b3c500000,0x0000005b3c600000) (1024K)]
  0x0000024e7e7675f0 JavaThread "Java Debug Server"          daemon [_thread_in_native, id=20156, stack(0x0000005b3c600000,0x0000005b3c700000) (1024K)]
  0x0000024e068e5c30 JavaThread "RxSchedulerPurge-1"         daemon [_thread_blocked, id=22104, stack(0x0000005b3c800000,0x0000005b3c900000) (1024K)]
  0x0000024e068e41f0 JavaThread "RxCachedWorkerPoolEvictor-1" daemon [_thread_blocked, id=9596, stack(0x0000005b3c900000,0x0000005b3ca00000) (1024K)]
  0x0000024e068e34d0 JavaThread "ForkJoinPool.commonPool-worker-11" daemon [_thread_blocked, id=13608, stack(0x0000005b3b300000,0x0000005b3b400000) (1024K)]
  0x0000024e068e3b60 JavaThread "pool-9-thread-2"                   [_thread_in_native, id=12788, stack(0x0000005b3b500000,0x0000005b3b600000) (1024K)]
  0x0000024e068e8a20 JavaThread "RxNewThreadScheduler-3"     daemon [_thread_blocked, id=17372, stack(0x0000005b3b600000,0x0000005b3b700000) (1024K)]
  0x0000024e1216a9c0 JavaThread "process reaper (pid 6832)"  daemon [_thread_in_native, id=11468, stack(0x0000005b38f70000,0x0000005b38f90000) (128K)]
Total: 45

Other Threads:
  0x0000024e3bbef140 VMThread "VM Thread"                           [id=8456, stack(0x0000005b39700000,0x0000005b39800000) (1024K)]
  0x0000024e233588a0 WatcherThread "VM Periodic Task Thread"        [id=20008, stack(0x0000005b39600000,0x0000005b39700000) (1024K)]
  0x0000024e23303eb0 WorkerThread "GC Thread#0"                     [id=18632, stack(0x0000005b39500000,0x0000005b39600000) (1024K)]
  0x0000024e7e0b32e0 WorkerThread "GC Thread#1"                     [id=14940, stack(0x0000005b3a300000,0x0000005b3a400000) (1024K)]
  0x0000024e7e2d7f40 WorkerThread "GC Thread#2"                     [id=10412, stack(0x0000005b3a400000,0x0000005b3a500000) (1024K)]
  0x0000024e7e2d82f0 WorkerThread "GC Thread#3"                     [id=15304, stack(0x0000005b3a500000,0x0000005b3a600000) (1024K)]
Total: 6

Threads with active compile tasks:
Total: 0

VM state: not at safepoint (normal execution)

VM Mutex/Monitor currently owned by a thread: None

Heap address: 0x0000000080000000, size: 2048 MB, Compressed Oops mode: 32-bit

CDS archive(s) mapped at: [0x0000024e3c000000-0x0000024e3cba0000-0x0000024e3cba0000), size 12189696, SharedBaseAddress: 0x0000024e3c000000, ArchiveRelocationMode: 1.
Compressed class space mapped at: 0x0000024e3d000000-0x0000024e7d000000, reserved size: 1073741824
Narrow klass base: 0x0000024e3c000000, Narrow klass shift: 0, Narrow klass range: 0x100000000

GC Precious Log:
 CardTable entry size: 512
 CPUs: 4 total, 4 available
 Memory: 7886M
 Large Page Support: Disabled
 NUMA Support: Disabled
 Compressed Oops: Enabled (32-bit)
 Alignments: Space 512K, Generation 512K, Heap 2M
 Heap Min Capacity: 100M
 Heap Initial Capacity: 100M
 Heap Max Capacity: 2G
 Pre-touch: Disabled
 Parallel Workers: 4

Heap:
 PSYoungGen      total 4608K, used 2485K [0x00000000d5580000, 0x00000000d5d00000, 0x0000000100000000)
  eden space 3584K, 65% used [0x00000000d5580000,0x00000000d57cd710,0x00000000d5900000)
  from space 1024K, 12% used [0x00000000d5b00000,0x00000000d5b20000,0x00000000d5c00000)
  to   space 512K, 0% used [0x00000000d5c80000,0x00000000d5c80000,0x00000000d5d00000)
 ParOldGen       total 830976K, used 830945K [0x0000000080000000, 0x00000000b2b80000, 0x00000000d5580000)
  object space 830976K, 99% used [0x0000000080000000,0x00000000b2b78468,0x00000000b2b80000)
 Metaspace       used 106761K, committed 108928K, reserved 1179648K
  class space    used 11069K, committed 12096K, reserved 1048576K

Card table byte_map: [0x0000024e36fc0000,0x0000024e373d0000] _byte_map_base: 0x0000024e36bc0000

Marking Bits: (ParMarkBitMap*) 0x00007ff8b6993450
 Begin Bits: [0x0000024e37680000, 0x0000024e39680000)
 End Bits:   [0x0000024e39680000, 0x0000024e3b680000)

Polling page: 0x0000024e233b0000

Metaspace:

Usage:
  Non-class:     93.45 MB used.
      Class:     10.81 MB used.
       Both:    104.26 MB used.

Virtual space:
  Non-class space:      128.00 MB reserved,      94.56 MB ( 74%) committed,  2 nodes.
      Class space:        1.00 GB reserved,      11.81 MB (  1%) committed,  1 nodes.
             Both:        1.12 GB reserved,     106.38 MB (  9%) committed. 

Chunk freelists:
   Non-Class:  640.00 KB
       Class:  4.11 MB
        Both:  4.73 MB

MaxMetaspaceSize: unlimited
CompressedClassSpaceSize: 1.00 GB
Initial GC threshold: 21.00 MB
Current GC threshold: 171.25 MB
CDS: on
 - commit_granule_bytes: 65536.
 - commit_granule_words: 8192.
 - virtual_space_node_default_size: 8388608.
 - enlarge_chunks_in_place: 1.
 - use_allocation_guard: 0.


Internal statistics:

num_allocs_failed_limit: 13.
num_arena_births: 2088.
num_arena_deaths: 50.
num_vsnodes_births: 3.
num_vsnodes_deaths: 0.
num_space_committed: 1701.
num_space_uncommitted: 0.
num_chunks_returned_to_freelist: 68.
num_chunks_taken_from_freelist: 7218.
num_chunk_merges: 17.
num_chunk_splits: 4454.
num_chunks_enlarged: 2577.
num_inconsistent_stats: 0.

CodeHeap 'non-profiled nmethods': size=120000Kb used=25425Kb max_used=30767Kb free=94575Kb
 bounds [0x0000024e2f8a0000, 0x0000024e316b0000, 0x0000024e36dd0000]
CodeHeap 'profiled nmethods': size=120000Kb used=41009Kb max_used=58941Kb free=78990Kb
 bounds [0x0000024e27dd0000, 0x0000024e2b760000, 0x0000024e2f300000]
CodeHeap 'non-nmethods': size=5760Kb used=1593Kb max_used=1649Kb free=4167Kb
 bounds [0x0000024e2f300000, 0x0000024e2f570000, 0x0000024e2f8a0000]
CodeCache: size=245760Kb, used=68027Kb, max_used=91357Kb, free=177732Kb
 total_blobs=19366, nmethods=18453, adapters=814, full_count=0
Compilation: enabled, stopped_count=0, restarted_count=0

Compilation events (20 events):
Event: 1652.917 Thread 0x0000024e3bc7f470 nmethod 29545 0x0000024e29a12490 code [0x0000024e29a126c0, 0x0000024e29a12e10]
Event: 1652.919 Thread 0x0000024e3bc7f470 29546       3       java.util.concurrent.ForkJoinPool::scan (263 bytes)
Event: 1652.919 Thread 0x0000024e3bc7f470 nmethod 29546 0x0000024e292cf090 code [0x0000024e292cf2c0, 0x0000024e292cfa78]
Event: 1652.930 Thread 0x0000024e3bc075e0 nmethod 29541 0x0000024e30630710 code [0x0000024e306309e0, 0x0000024e306316c0]
Event: 1652.930 Thread 0x0000024e3bc075e0 29547       4       com.google.gson.internal.bind.ArrayTypeAdapter::read (133 bytes)
Event: 1653.000 Thread 0x0000024e3bc075e0 nmethod 29547 0x0000024e30740a10 code [0x0000024e30740f60, 0x0000024e30743750]
Event: 1653.003 Thread 0x0000024e3bc7f470 29549       3       java.lang.Thread::threadState (11 bytes)
Event: 1653.003 Thread 0x0000024e3bc7f470 nmethod 29549 0x0000024e29f42890 code [0x0000024e29f42a40, 0x0000024e29f42b80]
Event: 1653.003 Thread 0x0000024e3bc7f470 29550       3       jdk.internal.misc.VM::toThreadState (68 bytes)
Event: 1653.004 Thread 0x0000024e3bc7f470 nmethod 29550 0x0000024e2aae4e90 code [0x0000024e2aae5080, 0x0000024e2aae53e0]
Event: 1653.028 Thread 0x0000024e3bc7f470 29551       1       com.microsoft.java.debug.core.protocol.Requests$Command::toString (5 bytes)
Event: 1653.029 Thread 0x0000024e3bc7f470 nmethod 29551 0x0000024e315e5010 code [0x0000024e315e51a0, 0x0000024e315e5268]
Event: 1653.043 Thread 0x0000024e3bc075e0 29552       4       java.lang.Math::floorDiv (30 bytes)
Event: 1653.044 Thread 0x0000024e3bc075e0 nmethod 29552 0x0000024e2ff47c10 code [0x0000024e2ff47da0, 0x0000024e2ff47e60]
Event: 1654.265 Thread 0x0000024e3bc7f470 29553       3       java.util.stream.StreamSupport::intStream (14 bytes)
Event: 1654.268 Thread 0x0000024e3bc7f470 nmethod 29553 0x0000024e2aed0310 code [0x0000024e2aed04e0, 0x0000024e2aed07b8]
Event: 1654.278 Thread 0x0000024e3bc075e0 29554       4       java.util.IdentityHashMap$IdentityHashMapIterator::hasNext (50 bytes)
Event: 1654.281 Thread 0x0000024e3bc075e0 nmethod 29554 0x0000024e2ffd0b90 code [0x0000024e2ffd0d20, 0x0000024e2ffd0ed8]
Event: 1679.575 Thread 0x0000024e3bc7f470 29555       3       java.util.concurrent.ConcurrentHashMap::mappingCount (17 bytes)
Event: 1679.575 Thread 0x0000024e3bc7f470 nmethod 29555 0x0000024e29fa2610 code [0x0000024e29fa27c0, 0x0000024e29fa2948]

GC Heap History (20 events):
Event: 1638.621 GC heap before
{Heap before GC invocations=3082 (full 7):
 PSYoungGen      total 5632K, used 5620K [0x00000000d5580000, 0x00000000d5c80000, 0x0000000100000000)
  eden space 5120K, 99% used [0x00000000d5580000,0x00000000d5a7fff8,0x00000000d5a80000)
  from space 512K, 97% used [0x00000000d5a80000,0x00000000d5afd200,0x00000000d5b00000)
  to   space 1024K, 0% used [0x00000000d5b80000,0x00000000d5b80000,0x00000000d5c80000)
 ParOldGen       total 824832K, used 824536K [0x0000000080000000, 0x00000000b2580000, 0x00000000d5580000)
  object space 824832K, 99% used [0x0000000080000000,0x00000000b2536218,0x00000000b2580000)
 Metaspace       used 106758K, committed 108928K, reserved 1179648K
  class space    used 11069K, committed 12096K, reserved 1048576K
}
Event: 1638.631 GC heap after
{Heap after GC invocations=3082 (full 7):
 PSYoungGen      total 6144K, used 656K [0x00000000d5580000, 0x00000000d5c80000, 0x0000000100000000)
  eden space 5120K, 0% used [0x00000000d5580000,0x00000000d5580000,0x00000000d5a80000)
  from space 1024K, 64% used [0x00000000d5b80000,0x00000000d5c24010,0x00000000d5c80000)
  to   space 1024K, 0% used [0x00000000d5a80000,0x00000000d5a80000,0x00000000d5b80000)
 ParOldGen       total 824832K, used 824825K [0x0000000080000000, 0x00000000b2580000, 0x00000000d5580000)
  object space 824832K, 99% used [0x0000000080000000,0x00000000b257e428,0x00000000b2580000)
 Metaspace       used 106758K, committed 108928K, reserved 1179648K
  class space    used 11069K, committed 12096K, reserved 1048576K
}
Event: 1638.829 GC heap before
{Heap before GC invocations=3083 (full 7):
 PSYoungGen      total 6144K, used 5776K [0x00000000d5580000, 0x00000000d5c80000, 0x0000000100000000)
  eden space 5120K, 99% used [0x00000000d5580000,0x00000000d5a7fff0,0x00000000d5a80000)
  from space 1024K, 64% used [0x00000000d5b80000,0x00000000d5c24010,0x00000000d5c80000)
  to   space 1024K, 0% used [0x00000000d5a80000,0x00000000d5a80000,0x00000000d5b80000)
 ParOldGen       total 824832K, used 824825K [0x0000000080000000, 0x00000000b2580000, 0x00000000d5580000)
  object space 824832K, 99% used [0x0000000080000000,0x00000000b257e428,0x00000000b2580000)
 Metaspace       used 106758K, committed 108928K, reserved 1179648K
  class space    used 11069K, committed 12096K, reserved 1048576K
}
Event: 1638.835 GC heap after
{Heap after GC invocations=3083 (full 7):
 PSYoungGen      total 6144K, used 708K [0x00000000d5580000, 0x00000000d5c80000, 0x0000000100000000)
  eden space 5120K, 0% used [0x00000000d5580000,0x00000000d5580000,0x00000000d5a80000)
  from space 1024K, 69% used [0x00000000d5a80000,0x00000000d5b31230,0x00000000d5b80000)
  to   space 1024K, 0% used [0x00000000d5b80000,0x00000000d5b80000,0x00000000d5c80000)
 ParOldGen       total 825856K, used 825409K [0x0000000080000000, 0x00000000b2680000, 0x00000000d5580000)
  object space 825856K, 99% used [0x0000000080000000,0x00000000b2610438,0x00000000b2680000)
 Metaspace       used 106758K, committed 108928K, reserved 1179648K
  class space    used 11069K, committed 12096K, reserved 1048576K
}
Event: 1640.598 GC heap before
{Heap before GC invocations=3084 (full 7):
 PSYoungGen      total 6144K, used 5828K [0x00000000d5580000, 0x00000000d5c80000, 0x0000000100000000)
  eden space 5120K, 99% used [0x00000000d5580000,0x00000000d5a7ffd8,0x00000000d5a80000)
  from space 1024K, 69% used [0x00000000d5a80000,0x00000000d5b31230,0x00000000d5b80000)
  to   space 1024K, 0% used [0x00000000d5b80000,0x00000000d5b80000,0x00000000d5c80000)
 ParOldGen       total 825856K, used 825409K [0x0000000080000000, 0x00000000b2680000, 0x00000000d5580000)
  object space 825856K, 99% used [0x0000000080000000,0x00000000b2610438,0x00000000b2680000)
 Metaspace       used 106758K, committed 108928K, reserved 1179648K
  class space    used 11069K, committed 12096K, reserved 1048576K
}
Event: 1640.600 GC heap after
{Heap after GC invocations=3084 (full 7):
 PSYoungGen      total 5632K, used 128K [0x00000000d5580000, 0x00000000d5c00000, 0x0000000100000000)
  eden space 5120K, 0% used [0x00000000d5580000,0x00000000d5580000,0x00000000d5a80000)
  from space 512K, 25% used [0x00000000d5b80000,0x00000000d5ba0000,0x00000000d5c00000)
  to   space 512K, 0% used [0x00000000d5b00000,0x00000000d5b00000,0x00000000d5b80000)
 ParOldGen       total 825856K, used 825497K [0x0000000080000000, 0x00000000b2680000, 0x00000000d5580000)
  object space 825856K, 99% used [0x0000000080000000,0x00000000b2626458,0x00000000b2680000)
 Metaspace       used 106758K, committed 108928K, reserved 1179648K
  class space    used 11069K, committed 12096K, reserved 1048576K
}
Event: 1643.266 GC heap before
{Heap before GC invocations=3085 (full 7):
 PSYoungGen      total 5632K, used 5248K [0x00000000d5580000, 0x00000000d5c00000, 0x0000000100000000)
  eden space 5120K, 100% used [0x00000000d5580000,0x00000000d5a80000,0x00000000d5a80000)
  from space 512K, 25% used [0x00000000d5b80000,0x00000000d5ba0000,0x00000000d5c00000)
  to   space 512K, 0% used [0x00000000d5b00000,0x00000000d5b00000,0x00000000d5b80000)
 ParOldGen       total 825856K, used 825497K [0x0000000080000000, 0x00000000b2680000, 0x00000000d5580000)
  object space 825856K, 99% used [0x0000000080000000,0x00000000b2626458,0x00000000b2680000)
 Metaspace       used 106759K, committed 108928K, reserved 1179648K
  class space    used 11069K, committed 12096K, reserved 1048576K
}
Event: 1643.272 GC heap after
{Heap after GC invocations=3085 (full 7):
 PSYoungGen      total 5632K, used 509K [0x00000000d5580000, 0x00000000d5c80000, 0x0000000100000000)
  eden space 5120K, 0% used [0x00000000d5580000,0x00000000d5580000,0x00000000d5a80000)
  from space 512K, 99% used [0x00000000d5b00000,0x00000000d5b7f6b0,0x00000000d5b80000)
  to   space 1024K, 0% used [0x00000000d5b80000,0x00000000d5b80000,0x00000000d5c80000)
 ParOldGen       total 825856K, used 825826K [0x0000000080000000, 0x00000000b2680000, 0x00000000d5580000)
  object space 825856K, 99% used [0x0000000080000000,0x00000000b2678908,0x00000000b2680000)
 Metaspace       used 106759K, committed 108928K, reserved 1179648K
  class space    used 11069K, committed 12096K, reserved 1048576K
}
Event: 1643.312 GC heap before
{Heap before GC invocations=3086 (full 7):
 PSYoungGen      total 5632K, used 5629K [0x00000000d5580000, 0x00000000d5c80000, 0x0000000100000000)
  eden space 5120K, 100% used [0x00000000d5580000,0x00000000d5a80000,0x00000000d5a80000)
  from space 512K, 99% used [0x00000000d5b00000,0x00000000d5b7f6b0,0x00000000d5b80000)
  to   space 1024K, 0% used [0x00000000d5b80000,0x00000000d5b80000,0x00000000d5c80000)
 ParOldGen       total 825856K, used 825826K [0x0000000080000000, 0x00000000b2680000, 0x00000000d5580000)
  object space 825856K, 99% used [0x0000000080000000,0x00000000b2678908,0x00000000b2680000)
 Metaspace       used 106759K, committed 108928K, reserved 1179648K
  class space    used 11069K, committed 12096K, reserved 1048576K
}
Event: 1643.317 GC heap after
{Heap after GC invocations=3086 (full 7):
 PSYoungGen      total 4608K, used 1001K [0x00000000d5580000, 0x00000000d5f80000, 0x0000000100000000)
  eden space 3584K, 0% used [0x00000000d5580000,0x00000000d5580000,0x00000000d5900000)
  from space 1024K, 97% used [0x00000000d5b80000,0x00000000d5c7a4b0,0x00000000d5c80000)
  to   space 2560K, 0% used [0x00000000d5900000,0x00000000d5900000,0x00000000d5b80000)
 ParOldGen       total 826880K, used 826871K [0x0000000080000000, 0x00000000b2780000, 0x00000000d5580000)
  object space 826880K, 99% used [0x0000000080000000,0x00000000b277dfb8,0x00000000b2780000)
 Metaspace       used 106759K, committed 108928K, reserved 1179648K
  class space    used 11069K, committed 12096K, reserved 1048576K
}
Event: 1643.334 GC heap before
{Heap before GC invocations=3087 (full 7):
 PSYoungGen      total 4608K, used 4585K [0x00000000d5580000, 0x00000000d5f80000, 0x0000000100000000)
  eden space 3584K, 100% used [0x00000000d5580000,0x00000000d5900000,0x00000000d5900000)
  from space 1024K, 97% used [0x00000000d5b80000,0x00000000d5c7a4b0,0x00000000d5c80000)
  to   space 2560K, 0% used [0x00000000d5900000,0x00000000d5900000,0x00000000d5b80000)
 ParOldGen       total 826880K, used 826871K [0x0000000080000000, 0x00000000b2780000, 0x00000000d5580000)
  object space 826880K, 99% used [0x0000000080000000,0x00000000b277dfb8,0x00000000b2780000)
 Metaspace       used 106759K, committed 108928K, reserved 1179648K
  class space    used 11069K, committed 12096K, reserved 1048576K
}
Event: 1643.339 GC heap after
{Heap after GC invocations=3087 (full 7):
 PSYoungGen      total 6144K, used 2560K [0x00000000d5580000, 0x00000000d6200000, 0x0000000100000000)
  eden space 3584K, 0% used [0x00000000d5580000,0x00000000d5580000,0x00000000d5900000)
  from space 2560K, 100% used [0x00000000d5900000,0x00000000d5b80000,0x00000000d5b80000)
  to   space 4608K, 0% used [0x00000000d5d80000,0x00000000d5d80000,0x00000000d6200000)
 ParOldGen       total 828416K, used 828145K [0x0000000080000000, 0x00000000b2900000, 0x00000000d5580000)
  object space 828416K, 99% used [0x0000000080000000,0x00000000b28bc468,0x00000000b2900000)
 Metaspace       used 106759K, committed 108928K, reserved 1179648K
  class space    used 11069K, committed 12096K, reserved 1048576K
}
Event: 1643.517 GC heap before
{Heap before GC invocations=3088 (full 7):
 PSYoungGen      total 6144K, used 6144K [0x00000000d5580000, 0x00000000d6200000, 0x0000000100000000)
  eden space 3584K, 100% used [0x00000000d5580000,0x00000000d5900000,0x00000000d5900000)
  from space 2560K, 100% used [0x00000000d5900000,0x00000000d5b80000,0x00000000d5b80000)
  to   space 4608K, 0% used [0x00000000d5d80000,0x00000000d5d80000,0x00000000d6200000)
 ParOldGen       total 828416K, used 828145K [0x0000000080000000, 0x00000000b2900000, 0x00000000d5580000)
  object space 828416K, 99% used [0x0000000080000000,0x00000000b28bc468,0x00000000b2900000)
 Metaspace       used 106759K, committed 108928K, reserved 1179648K
  class space    used 11069K, committed 12096K, reserved 1048576K
}
Event: 1643.521 GC heap after
{Heap after GC invocations=3088 (full 7):
 PSYoungGen      total 4096K, used 160K [0x00000000d5580000, 0x00000000d5e00000, 0x0000000100000000)
  eden space 3584K, 0% used [0x00000000d5580000,0x00000000d5580000,0x00000000d5900000)
  from space 512K, 31% used [0x00000000d5d80000,0x00000000d5da8000,0x00000000d5e00000)
  to   space 1536K, 0% used [0x00000000d5b00000,0x00000000d5b00000,0x00000000d5c80000)
 ParOldGen       total 830976K, used 830657K [0x0000000080000000, 0x00000000b2b80000, 0x00000000d5580000)
  object space 830976K, 99% used [0x0000000080000000,0x00000000b2b30468,0x00000000b2b80000)
 Metaspace       used 106759K, committed 108928K, reserved 1179648K
  class space    used 11069K, committed 12096K, reserved 1048576K
}
Event: 1652.402 GC heap before
{Heap before GC invocations=3089 (full 7):
 PSYoungGen      total 4096K, used 3723K [0x00000000d5580000, 0x00000000d5e00000, 0x0000000100000000)
  eden space 3584K, 99% used [0x00000000d5580000,0x00000000d58fafd0,0x00000000d5900000)
  from space 512K, 31% used [0x00000000d5d80000,0x00000000d5da8000,0x00000000d5e00000)
  to   space 1536K, 0% used [0x00000000d5b00000,0x00000000d5b00000,0x00000000d5c80000)
 ParOldGen       total 830976K, used 830657K [0x0000000080000000, 0x00000000b2b80000, 0x00000000d5580000)
  object space 830976K, 99% used [0x0000000080000000,0x00000000b2b30468,0x00000000b2b80000)
 Metaspace       used 106760K, committed 108928K, reserved 1179648K
  class space    used 11069K, committed 12096K, reserved 1048576K
}
Event: 1652.409 GC heap after
{Heap after GC invocations=3089 (full 7):
 PSYoungGen      total 5120K, used 1515K [0x00000000d5580000, 0x00000000d5e00000, 0x0000000100000000)
  eden space 3584K, 0% used [0x00000000d5580000,0x00000000d5580000,0x00000000d5900000)
  from space 1536K, 98% used [0x00000000d5b00000,0x00000000d5c7ae50,0x00000000d5c80000)
  to   space 1536K, 0% used [0x00000000d5c80000,0x00000000d5c80000,0x00000000d5e00000)
 ParOldGen       total 830976K, used 830833K [0x0000000080000000, 0x00000000b2b80000, 0x00000000d5580000)
  object space 830976K, 99% used [0x0000000080000000,0x00000000b2b5c468,0x00000000b2b80000)
 Metaspace       used 106760K, committed 108928K, reserved 1179648K
  class space    used 11069K, committed 12096K, reserved 1048576K
}
Event: 1652.535 GC heap before
{Heap before GC invocations=3090 (full 7):
 PSYoungGen      total 5120K, used 5095K [0x00000000d5580000, 0x00000000d5e00000, 0x0000000100000000)
  eden space 3584K, 99% used [0x00000000d5580000,0x00000000d58fef88,0x00000000d5900000)
  from space 1536K, 98% used [0x00000000d5b00000,0x00000000d5c7ae50,0x00000000d5c80000)
  to   space 1536K, 0% used [0x00000000d5c80000,0x00000000d5c80000,0x00000000d5e00000)
 ParOldGen       total 830976K, used 830833K [0x0000000080000000, 0x00000000b2b80000, 0x00000000d5580000)
  object space 830976K, 99% used [0x0000000080000000,0x00000000b2b5c468,0x00000000b2b80000)
 Metaspace       used 106760K, committed 108928K, reserved 1179648K
  class space    used 11069K, committed 12096K, reserved 1048576K
}
Event: 1652.537 GC heap after
{Heap after GC invocations=3090 (full 7):
 PSYoungGen      total 4096K, used 128K [0x00000000d5580000, 0x00000000d5d00000, 0x0000000100000000)
  eden space 3584K, 0% used [0x00000000d5580000,0x00000000d5580000,0x00000000d5900000)
  from space 512K, 25% used [0x00000000d5c80000,0x00000000d5ca0000,0x00000000d5d00000)
  to   space 1024K, 0% used [0x00000000d5b00000,0x00000000d5b00000,0x00000000d5c00000)
 ParOldGen       total 830976K, used 830913K [0x0000000080000000, 0x00000000b2b80000, 0x00000000d5580000)
  object space 830976K, 99% used [0x0000000080000000,0x00000000b2b70468,0x00000000b2b80000)
 Metaspace       used 106760K, committed 108928K, reserved 1179648K
  class space    used 11069K, committed 12096K, reserved 1048576K
}
Event: 1652.837 GC heap before
{Heap before GC invocations=3091 (full 7):
 PSYoungGen      total 4096K, used 3712K [0x00000000d5580000, 0x00000000d5d00000, 0x0000000100000000)
  eden space 3584K, 100% used [0x00000000d5580000,0x00000000d5900000,0x00000000d5900000)
  from space 512K, 25% used [0x00000000d5c80000,0x00000000d5ca0000,0x00000000d5d00000)
  to   space 1024K, 0% used [0x00000000d5b00000,0x00000000d5b00000,0x00000000d5c00000)
 ParOldGen       total 830976K, used 830913K [0x0000000080000000, 0x00000000b2b80000, 0x00000000d5580000)
  object space 830976K, 99% used [0x0000000080000000,0x00000000b2b70468,0x00000000b2b80000)
 Metaspace       used 106760K, committed 108928K, reserved 1179648K
  class space    used 11069K, committed 12096K, reserved 1048576K
}
Event: 1652.842 GC heap after
{Heap after GC invocations=3091 (full 7):
 PSYoungGen      total 4608K, used 128K [0x00000000d5580000, 0x00000000d5d00000, 0x0000000100000000)
  eden space 3584K, 0% used [0x00000000d5580000,0x00000000d5580000,0x00000000d5900000)
  from space 1024K, 12% used [0x00000000d5b00000,0x00000000d5b20000,0x00000000d5c00000)
  to   space 512K, 0% used [0x00000000d5c80000,0x00000000d5c80000,0x00000000d5d00000)
 ParOldGen       total 830976K, used 830945K [0x0000000080000000, 0x00000000b2b80000, 0x00000000d5580000)
  object space 830976K, 99% used [0x0000000080000000,0x00000000b2b78468,0x00000000b2b80000)
 Metaspace       used 106760K, committed 108928K, reserved 1179648K
  class space    used 11069K, committed 12096K, reserved 1048576K
}

Dll operation events (14 events):
Event: 0.075 Loaded shared library c:\Users\Admin\.vscode\extensions\redhat.java-1.53.0-win32-x64\jre\21.0.10-win32-x86_64\bin\java.dll
Event: 0.132 Loaded shared library c:\Users\Admin\.vscode\extensions\redhat.java-1.53.0-win32-x64\jre\21.0.10-win32-x86_64\bin\zip.dll
Event: 0.389 Loaded shared library C:\Users\Admin\.vscode\extensions\redhat.java-1.53.0-win32-x64\jre\21.0.10-win32-x86_64\bin\instrument.dll
Event: 0.395 Loaded shared library C:\Users\Admin\.vscode\extensions\redhat.java-1.53.0-win32-x64\jre\21.0.10-win32-x86_64\bin\net.dll
Event: 0.397 Loaded shared library C:\Users\Admin\.vscode\extensions\redhat.java-1.53.0-win32-x64\jre\21.0.10-win32-x86_64\bin\nio.dll
Event: 0.416 Loaded shared library C:\Users\Admin\.vscode\extensions\redhat.java-1.53.0-win32-x64\jre\21.0.10-win32-x86_64\bin\zip.dll
Event: 0.507 Loaded shared library C:\Users\Admin\.vscode\extensions\redhat.java-1.53.0-win32-x64\jre\21.0.10-win32-x86_64\bin\jimage.dll
Event: 0.953 Loaded shared library c:\Users\Admin\.vscode\extensions\redhat.java-1.53.0-win32-x64\jre\21.0.10-win32-x86_64\bin\verify.dll
Event: 21.108 Loaded shared library C:\Users\Admin\AppData\Roaming\Code\User\globalStorage\redhat.java\1.53.0\config_win\org.eclipse.equinox.launcher\org.eclipse.equinox.launcher.win32.win32.x86_64_1.3.0.v20260203-2149\eclipse_11919.dll
Event: 42.868 Loaded shared library C:\Users\Admin\.vscode\extensions\redhat.java-1.53.0-win32-x64\jre\21.0.10-win32-x86_64\bin\management.dll
Event: 42.872 Loaded shared library C:\Users\Admin\.vscode\extensions\redhat.java-1.53.0-win32-x64\jre\21.0.10-win32-x86_64\bin\management_ext.dll
Event: 45.617 Loaded shared library C:\Users\Admin\AppData\Local\Temp\jna-63116079\jna16954298258156530448.dll
Event: 46.981 Loaded shared library C:\Users\Admin\.vscode\extensions\redhat.java-1.53.0-win32-x64\jre\21.0.10-win32-x86_64\bin\sunmscapi.dll
Event: 47.365 Loaded shared library C:\Users\Admin\.vscode\extensions\redhat.java-1.53.0-win32-x64\jre\21.0.10-win32-x86_64\bin\extnet.dll

Deoptimization events (20 events):
Event: 1631.567 Thread 0x0000024e7e766240 Uncommon trap: trap_request=0xffffffd6 fr.pc=0x0000024e300cc7b0 relative=0x0000000000005070
Event: 1631.567 Thread 0x0000024e7e766240 Uncommon trap: reason=array_check action=maybe_recompile pc=0x0000024e300cc7b0 method=org.eclipse.sisu.plexus.CompositeBeanHelper.findMethod(Ljava/lang/Class;[Ljava/lang/reflect/Type;Ljava/lang/String;Ljava/lang/Class;)Ljava/lang/reflect/Method; @ 110 c2
Event: 1631.567 Thread 0x0000024e7e766240 DEOPT PACKING pc=0x0000024e300cc7b0 sp=0x0000005b3c3fd370
Event: 1631.567 Thread 0x0000024e7e766240 DEOPT UNPACKING pc=0x0000024e2f356da2 sp=0x0000005b3c3fd370 mode 2
Event: 1634.827 Thread 0x0000024e7e766240 Uncommon trap: trap_request=0xffffffd6 fr.pc=0x0000024e30658210 relative=0x0000000000001c90
Event: 1634.828 Thread 0x0000024e7e766240 Uncommon trap: reason=array_check action=maybe_recompile pc=0x0000024e30658210 method=org.eclipse.jdt.internal.core.JavaProjectElementInfo.getProjectCache(Lorg/eclipse/jdt/internal/core/JavaProject;Z)Lorg/eclipse/jdt/internal/core/JavaProjectElementInfo$P
Event: 1634.828 Thread 0x0000024e7e766240 DEOPT PACKING pc=0x0000024e30658210 sp=0x0000005b3c3fe5c0
Event: 1634.828 Thread 0x0000024e7e766240 DEOPT UNPACKING pc=0x0000024e2f356da2 sp=0x0000005b3c3fe5c0 mode 2
Event: 1653.020 Thread 0x0000024e068e3b60 Uncommon trap: trap_request=0xffffffc6 fr.pc=0x0000024e31417c40 relative=0x0000000000000420
Event: 1653.020 Thread 0x0000024e068e3b60 Uncommon trap: reason=bimorphic_or_optimized_type_check action=maybe_recompile pc=0x0000024e31417c40 method=java.lang.ThreadLocal.set(Ljava/lang/Thread;Ljava/lang/Object;)V @ 22 c2
Event: 1653.020 Thread 0x0000024e068e3b60 DEOPT PACKING pc=0x0000024e31417c40 sp=0x0000005b3b5ff0c0
Event: 1653.020 Thread 0x0000024e068e3b60 DEOPT UNPACKING pc=0x0000024e2f356da2 sp=0x0000005b3b5feff8 mode 2
Event: 1653.068 Thread 0x0000024e068e8a20 Uncommon trap: trap_request=0xffffffde fr.pc=0x0000024e304b7dcc relative=0x00000000000007cc
Event: 1653.068 Thread 0x0000024e068e8a20 Uncommon trap: reason=class_check action=maybe_recompile pc=0x0000024e304b7dcc method=java.util.stream.ReduceOps.makeRef(Ljava/util/stream/Collector;)Ljava/util/stream/TerminalOp; @ 4 c2
Event: 1653.068 Thread 0x0000024e068e8a20 DEOPT PACKING pc=0x0000024e304b7dcc sp=0x0000005b3b6fe460
Event: 1653.068 Thread 0x0000024e068e8a20 DEOPT UNPACKING pc=0x0000024e2f356da2 sp=0x0000005b3b6fe3c0 mode 2
Event: 1653.068 Thread 0x0000024e068e8a20 Uncommon trap: trap_request=0xffffffde fr.pc=0x0000024e304b7dcc relative=0x00000000000007cc
Event: 1653.068 Thread 0x0000024e068e8a20 Uncommon trap: reason=class_check action=maybe_recompile pc=0x0000024e304b7dcc method=java.util.stream.ReduceOps.makeRef(Ljava/util/stream/Collector;)Ljava/util/stream/TerminalOp; @ 4 c2
Event: 1653.068 Thread 0x0000024e068e8a20 DEOPT PACKING pc=0x0000024e304b7dcc sp=0x0000005b3b6fe460
Event: 1653.068 Thread 0x0000024e068e8a20 DEOPT UNPACKING pc=0x0000024e2f356da2 sp=0x0000005b3b6fe3c0 mode 2

Classes loaded (20 events):
Event: 1516.729 Loading class java/util/concurrent/CompletableFuture$UniWhenComplete
Event: 1516.730 Loading class java/util/concurrent/CompletableFuture$UniWhenComplete done
Event: 1516.733 Loading class java/util/concurrent/CompletableFuture$UniCompose
Event: 1516.734 Loading class java/util/concurrent/CompletableFuture$UniCompose done
Event: 1516.734 Loading class java/util/concurrent/CompletableFuture$UniRelay
Event: 1516.734 Loading class java/util/concurrent/CompletableFuture$UniRelay done
Event: 1518.899 Loading class jdk/internal/module/IllegalAccessLogger
Event: 1518.899 Loading class jdk/internal/module/IllegalAccessLogger done
Event: 1522.126 Loading class jdk/internal/module/IllegalAccessLogger
Event: 1522.126 Loading class jdk/internal/module/IllegalAccessLogger done
Event: 1524.185 Loading class jdk/internal/module/IllegalAccessLogger
Event: 1524.185 Loading class jdk/internal/module/IllegalAccessLogger done
Event: 1525.915 Loading class jdk/internal/module/IllegalAccessLogger
Event: 1525.915 Loading class jdk/internal/module/IllegalAccessLogger done
Event: 1527.033 Loading class java/lang/ProcessHandleImpl$ExitCompletion
Event: 1527.033 Loading class java/lang/ProcessHandleImpl$ExitCompletion done
Event: 1527.035 Loading class java/lang/ProcessHandleImpl$1
Event: 1527.035 Loading class java/lang/ProcessHandleImpl$1 done
Event: 1529.634 Loading class java/util/concurrent/CompletableFuture$UniHandle
Event: 1529.637 Loading class java/util/concurrent/CompletableFuture$UniHandle done

Classes unloaded (20 events):
Event: 43.816 Thread 0x0000024e3bbef140 Unloading class 0x0000024e3d1b3800 'java/lang/invoke/LambdaForm$DMH+0x0000024e3d1b3800'
Event: 43.816 Thread 0x0000024e3bbef140 Unloading class 0x0000024e3d1b2800 'java/lang/invoke/LambdaForm$DMH+0x0000024e3d1b2800'
Event: 45.898 Thread 0x0000024e3bbef140 Unloading class 0x0000024e3d2f4000 'java/lang/invoke/LambdaForm$DMH+0x0000024e3d2f4000'
Event: 45.898 Thread 0x0000024e3bbef140 Unloading class 0x0000024e3d2efc00 'java/lang/invoke/LambdaForm$MH+0x0000024e3d2efc00'
Event: 45.898 Thread 0x0000024e3bbef140 Unloading class 0x0000024e3d2ef000 'java/lang/invoke/LambdaForm$MH+0x0000024e3d2ef000'
Event: 45.898 Thread 0x0000024e3bbef140 Unloading class 0x0000024e3d2ee800 'java/lang/invoke/LambdaForm$DMH+0x0000024e3d2ee800'
Event: 243.996 Thread 0x0000024e3bbef140 Unloading class 0x0000024e3da64400 'java/lang/invoke/LambdaForm$DMH+0x0000024e3da64400'
Event: 243.996 Thread 0x0000024e3bbef140 Unloading class 0x0000024e3d9afc00 'java/lang/invoke/LambdaForm$MH+0x0000024e3d9afc00'
Event: 243.996 Thread 0x0000024e3bbef140 Unloading class 0x0000024e3d9af400 'java/lang/invoke/LambdaForm$MH+0x0000024e3d9af400'
Event: 243.997 Thread 0x0000024e3bbef140 Unloading class 0x0000024e3d9af000 'java/lang/invoke/LambdaForm$MH+0x0000024e3d9af000'
Event: 243.997 Thread 0x0000024e3bbef140 Unloading class 0x0000024e3d9aec00 'java/lang/invoke/LambdaForm$MH+0x0000024e3d9aec00'
Event: 243.997 Thread 0x0000024e3bbef140 Unloading class 0x0000024e3d9ae800 'java/lang/invoke/LambdaForm$MH+0x0000024e3d9ae800'
Event: 243.997 Thread 0x0000024e3bbef140 Unloading class 0x0000024e3d9ae400 'java/lang/invoke/LambdaForm$MH+0x0000024e3d9ae400'
Event: 243.997 Thread 0x0000024e3bbef140 Unloading class 0x0000024e3d9adc00 'java/lang/invoke/LambdaForm$MH+0x0000024e3d9adc00'
Event: 243.997 Thread 0x0000024e3bbef140 Unloading class 0x0000024e3d9ad400 'java/lang/invoke/LambdaForm$MH+0x0000024e3d9ad400'
Event: 243.997 Thread 0x0000024e3bbef140 Unloading class 0x0000024e3d9acc00 'java/lang/invoke/LambdaForm$MH+0x0000024e3d9acc00'
Event: 243.997 Thread 0x0000024e3bbef140 Unloading class 0x0000024e3d9ac400 'java/lang/invoke/LambdaForm$MH+0x0000024e3d9ac400'
Event: 243.997 Thread 0x0000024e3bbef140 Unloading class 0x0000024e3d9abc00 'com/google/gson/internal/reflect/ReflectionHelper$RecordSupportedHelper$$InjectedInvoker+0x0000024e3d9abc00'
Event: 243.997 Thread 0x0000024e3bbef140 Unloading class 0x0000024e3d9ab000 'java/lang/invoke/LambdaForm$MH+0x0000024e3d9ab000'
Event: 243.997 Thread 0x0000024e3bbef140 Unloading class 0x0000024e3d9aa800 'java/lang/invoke/LambdaForm$MH+0x0000024e3d9aa800'

Classes redefined (0 events):
No events

Internal exceptions (20 events):
Event: 1518.786 Thread 0x0000024e12167bd0 Exception <a 'sun/nio/fs/WindowsException'{0x00000000d5945190}> (0x00000000d5945190) 
thrown [s\src\hotspot\share\prims\jni.cpp, line 520]
Event: 1518.787 Thread 0x0000024e12167bd0 Exception <a 'sun/nio/fs/WindowsException'{0x00000000d594a1b0}> (0x00000000d594a1b0) 
thrown [s\src\hotspot\share\prims\jni.cpp, line 520]
Event: 1518.787 Thread 0x0000024e12167bd0 Exception <a 'sun/nio/fs/WindowsException'{0x00000000d594eb28}> (0x00000000d594eb28) 
thrown [s\src\hotspot\share\prims\jni.cpp, line 520]
Event: 1518.935 Thread 0x0000024e12167bd0 Exception <a 'sun/nio/fs/WindowsException'{0x00000000d5a1d228}> (0x00000000d5a1d228) 
thrown [s\src\hotspot\share\prims\jni.cpp, line 520]
Event: 1518.943 Thread 0x0000024e12167bd0 Exception <a 'sun/nio/fs/WindowsException'{0x00000000d5a20a20}> (0x00000000d5a20a20) 
thrown [s\src\hotspot\share\prims\jni.cpp, line 520]
Event: 1519.504 Thread 0x0000024e044e08f0 Exception <a 'java/lang/NoSuchMethodError'{0x00000000d564bc60}: 'long java.lang.invoke.DelegatingMethodHandle$Holder.reinvoke_L(java.lang.Object, java.lang.Object)'> (0x00000000d564bc60) 
thrown [s\src\hotspot\share\interpreter\linkResolver.cpp, line 773]
Event: 1519.513 Thread 0x0000024e044e08f0 Exception <a 'java/lang/NoSuchMethodError'{0x00000000d5655ee0}: 'void java.lang.invoke.DelegatingMethodHandle$Holder.reinvoke_L(java.lang.Object, java.lang.Object, long)'> (0x00000000d5655ee0) 
thrown [s\src\hotspot\share\interpreter\linkResolver.cpp, line 773]
Event: 1525.730 Thread 0x0000024e7ddfb220 Exception <a 'sun/nio/fs/WindowsException'{0x00000000d55e2310}> (0x00000000d55e2310) 
thrown [s\src\hotspot\share\prims\jni.cpp, line 520]
Event: 1529.667 Thread 0x0000024e044e08f0 Exception <a 'java/lang/NoSuchMethodError'{0x00000000d5686ba0}: 'long java.lang.invoke.Invokers$Holder.invokeExact_MT(java.lang.Object, java.lang.Object, java.lang.Object)'> (0x00000000d5686ba0) 
thrown [s\src\hotspot\share\interpreter\linkResolver.cpp, line 773]
Event: 1530.368 Thread 0x0000024e7ddfb220 Exception <a 'sun/nio/fs/WindowsException'{0x00000000d57db310}> (0x00000000d57db310) 
thrown [s\src\hotspot\share\prims\jni.cpp, line 520]
Event: 1652.270 Thread 0x0000024e12169610 Exception <a 'sun/nio/fs/WindowsException'{0x00000000d55b74b8}> (0x00000000d55b74b8) 
thrown [s\src\hotspot\share\prims\jni.cpp, line 520]
Event: 1652.281 Thread 0x0000024e12169610 Exception <a 'sun/nio/fs/WindowsException'{0x00000000d55b7be8}> (0x00000000d55b7be8) 
thrown [s\src\hotspot\share\prims\jni.cpp, line 520]
Event: 1652.298 Thread 0x0000024e12169610 Exception <a 'sun/nio/fs/WindowsException'{0x00000000d55b86c8}> (0x00000000d55b86c8) 
thrown [s\src\hotspot\share\prims\jni.cpp, line 520]
Event: 1652.298 Thread 0x0000024e12169610 Exception <a 'sun/nio/fs/WindowsException'{0x00000000d55b9048}> (0x00000000d55b9048) 
thrown [s\src\hotspot\share\prims\jni.cpp, line 520]
Event: 1652.301 Thread 0x0000024e12169610 Exception <a 'sun/nio/fs/WindowsException'{0x00000000d55ba508}> (0x00000000d55ba508) 
thrown [s\src\hotspot\share\prims\jni.cpp, line 520]
Event: 1652.301 Thread 0x0000024e12169610 Exception <a 'sun/nio/fs/WindowsException'{0x00000000d55ba988}> (0x00000000d55ba988) 
thrown [s\src\hotspot\share\prims\jni.cpp, line 520]
Event: 1652.318 Thread 0x0000024e12169610 Exception <a 'sun/nio/fs/WindowsException'{0x00000000d55d89c8}> (0x00000000d55d89c8) 
thrown [s\src\hotspot\share\prims\jni.cpp, line 520]
Event: 1652.319 Thread 0x0000024e12169610 Exception <a 'sun/nio/fs/WindowsException'{0x00000000d55d90f8}> (0x00000000d55d90f8) 
thrown [s\src\hotspot\share\prims\jni.cpp, line 520]
Event: 1653.063 Thread 0x0000024e068e8a20 Exception <a 'sun/nio/fs/WindowsException'{0x00000000d5747128}> (0x00000000d5747128) 
thrown [s\src\hotspot\share\prims\jni.cpp, line 520]
Event: 1653.065 Thread 0x0000024e068e8a20 Exception <a 'sun/nio/fs/WindowsException'{0x00000000d5747798}> (0x00000000d5747798) 
thrown [s\src\hotspot\share\prims\jni.cpp, line 520]

ZGC Phase Switch (0 events):
No events

VM Operations (20 events):
Event: 1643.265 Executing safepoint VM operation: ParallelGCFailedAllocation (Allocation Failure)
Event: 1643.272 Executing safepoint VM operation: ParallelGCFailedAllocation (Allocation Failure) done
Event: 1643.312 Executing safepoint VM operation: ParallelGCFailedAllocation (Allocation Failure)
Event: 1643.317 Executing safepoint VM operation: ParallelGCFailedAllocation (Allocation Failure) done
Event: 1643.333 Executing safepoint VM operation: ParallelGCFailedAllocation (Allocation Failure)
Event: 1643.339 Executing safepoint VM operation: ParallelGCFailedAllocation (Allocation Failure) done
Event: 1643.517 Executing safepoint VM operation: ParallelGCFailedAllocation (Allocation Failure)
Event: 1643.521 Executing safepoint VM operation: ParallelGCFailedAllocation (Allocation Failure) done
Event: 1652.402 Executing safepoint VM operation: ParallelGCFailedAllocation (Allocation Failure)
Event: 1652.409 Executing safepoint VM operation: ParallelGCFailedAllocation (Allocation Failure) done
Event: 1652.535 Executing safepoint VM operation: ParallelGCFailedAllocation (Allocation Failure)
Event: 1652.537 Executing safepoint VM operation: ParallelGCFailedAllocation (Allocation Failure) done
Event: 1652.837 Executing safepoint VM operation: ParallelGCFailedAllocation (Allocation Failure)
Event: 1652.842 Executing safepoint VM operation: ParallelGCFailedAllocation (Allocation Failure) done
Event: 1653.857 Executing safepoint VM operation: Cleanup
Event: 1653.858 Executing safepoint VM operation: Cleanup done
Event: 1689.748 Executing non-safepoint VM operation: HandshakeAllThreads (HandshakeForDeflation)
Event: 1689.748 Executing non-safepoint VM operation: HandshakeAllThreads (HandshakeForDeflation) done
Event: 1689.748 Executing non-safepoint VM operation: RendezvousGCThreads
Event: 1689.748 Executing non-safepoint VM operation: RendezvousGCThreads done

Memory protections (0 events):
No events

Nmethod flushes (20 events):
Event: 1033.337 Thread 0x0000024e3bbef140 flushing  nmethod 0x0000024e2b45e690
Event: 1033.337 Thread 0x0000024e3bbef140 flushing  nmethod 0x0000024e2b460610
Event: 1033.337 Thread 0x0000024e3bbef140 flushing  nmethod 0x0000024e2b470010
Event: 1033.337 Thread 0x0000024e3bbef140 flushing  nmethod 0x0000024e2b47f090
Event: 1033.337 Thread 0x0000024e3bbef140 flushing  nmethod 0x0000024e2b4b5190
Event: 1033.337 Thread 0x0000024e3bbef140 flushing  nmethod 0x0000024e2b4bc590
Event: 1033.337 Thread 0x0000024e3bbef140 flushing  nmethod 0x0000024e2b4c9690
Event: 1033.337 Thread 0x0000024e3bbef140 flushing  nmethod 0x0000024e2b4d3d90
Event: 1033.338 Thread 0x0000024e3bbef140 flushing  nmethod 0x0000024e2b5ba010
Event: 1033.338 Thread 0x0000024e3bbef140 flushing  nmethod 0x0000024e2b651b10
Event: 1033.338 Thread 0x0000024e3bbef140 flushing  nmethod 0x0000024e2b675190
Event: 1033.338 Thread 0x0000024e3bbef140 flushing  nmethod 0x0000024e2b677a10
Event: 1033.338 Thread 0x0000024e3bbef140 flushing  nmethod 0x0000024e2b678690
Event: 1033.338 Thread 0x0000024e3bbef140 flushing  nmethod 0x0000024e2b67ae90
Event: 1033.339 Thread 0x0000024e3bbef140 flushing  nmethod 0x0000024e2b67c110
Event: 1033.339 Thread 0x0000024e3bbef140 flushing osr nmethod 0x0000024e2b69a690
Event: 1033.339 Thread 0x0000024e3bbef140 flushing  nmethod 0x0000024e2b6b6890
Event: 1033.339 Thread 0x0000024e3bbef140 flushing osr nmethod 0x0000024e2b714810
Event: 1033.339 Thread 0x0000024e3bbef140 flushing  nmethod 0x0000024e2b71a610
Event: 1033.339 Thread 0x0000024e3bbef140 flushing  nmethod 0x0000024e2b737710

Events (20 events):
Event: 1585.987 Thread 0x0000024e12167bd0 Thread exited: 0x0000024e12167bd0
Event: 1586.078 Thread 0x0000024e068e34d0 Thread exited: 0x0000024e068e34d0
Event: 1598.751 Thread 0x0000024e044df540 Thread added: 0x0000024e044e08f0
Event: 1598.793 Thread 0x0000024e044e08f0 Thread added: 0x0000024e044deeb0
Event: 1614.337 Thread 0x0000024e044de820 Thread exited: 0x0000024e044de820
Event: 1623.692 Thread 0x0000024e7e762730 Thread exited: 0x0000024e7e762730
Event: 1624.785 Thread 0x0000024e1216a9c0 Thread exited: 0x0000024e1216a9c0
Event: 1631.919 Thread 0x0000024e1216b6e0 Thread added: 0x0000024e044de820
Event: 1634.248 Thread 0x0000024e044df540 Thread added: 0x0000024e068e34d0
Event: 1653.003 Thread 0x0000024e7e7675f0 Thread added: 0x0000024e068e3b60
Event: 1653.028 Thread 0x0000024e068e3b60 Thread added: 0x0000024e068e8a20
Event: 1653.071 Thread 0x0000024e068e8a20 Thread added: 0x0000024e068e90b0
Event: 1653.145 Thread 0x0000024e068e3b60 Thread added: 0x0000024e12167bd0
Event: 1653.146 Thread 0x0000024e068e90b0 Thread exited: 0x0000024e068e90b0
Event: 1654.268 Thread 0x0000024e12167bd0 Thread added: 0x0000024e1216a9c0
Event: 1654.278 Thread 0x0000024e12167bd0 Thread exited: 0x0000024e12167bd0
Event: 1683.701 Thread 0x0000024e1216ca90 Thread exited: 0x0000024e1216ca90
Event: 1698.805 Thread 0x0000024e044de820 Thread exited: 0x0000024e044de820
Event: 1698.910 Thread 0x0000024e044e08f0 Thread exited: 0x0000024e044e08f0
Event: 1701.069 Thread 0x0000024e044deeb0 Thread exited: 0x0000024e044deeb0


Dynamic libraries:
0x00007ff61a8c0000 - 0x00007ff61a8ce000 	c:\Users\Admin\.vscode\extensions\redhat.java-1.53.0-win32-x64\jre\21.0.10-win32-x86_64\bin\java.exe
0x00007ff93ea40000 - 0x00007ff93eca8000 	C:\WINDOWS\SYSTEM32\ntdll.dll
0x00007ff93dab0000 - 0x00007ff93db79000 	C:\WINDOWS\System32\KERNEL32.DLL
0x00007ff93b320000 - 0x00007ff93b711000 	C:\WINDOWS\System32\KERNELBASE.dll
0x00007ff938720000 - 0x00007ff9387be000 	C:\WINDOWS\SYSTEM32\apphelp.dll
0x00007ff93b720000 - 0x00007ff93b86b000 	C:\WINDOWS\System32\ucrtbase.dll
0x00007ff9368e0000 - 0x00007ff9368f8000 	c:\Users\Admin\.vscode\extensions\redhat.java-1.53.0-win32-x64\jre\21.0.10-win32-x86_64\bin\jli.dll
0x00007ff93c950000 - 0x00007ff93cb16000 	C:\WINDOWS\System32\USER32.dll
0x00007ff93c640000 - 0x00007ff93c667000 	C:\WINDOWS\System32\win32u.dll
0x00007ff93d410000 - 0x00007ff93d43b000 	C:\WINDOWS\System32\GDI32.dll
0x00007ff93c3a0000 - 0x00007ff93c4cb000 	C:\WINDOWS\System32\gdi32full.dll
0x00007ff93b870000 - 0x00007ff93b913000 	C:\WINDOWS\System32\msvcp_win.dll
0x00007ff933840000 - 0x00007ff93385e000 	c:\Users\Admin\.vscode\extensions\redhat.java-1.53.0-win32-x64\jre\21.0.10-win32-x86_64\bin\VCRUNTIME140.dll
0x00007ff926730000 - 0x00007ff9269c3000 	C:\WINDOWS\WinSxS\amd64_microsoft.windows.common-controls_6595b64144ccf1df_6.0.26100.7824_none_3e0870b2e3345462\COMCTL32.dll
0x00007ff93dfa0000 - 0x00007ff93e049000 	C:\WINDOWS\System32\msvcrt.dll
0x00007ff93db80000 - 0x00007ff93dbb1000 	C:\WINDOWS\System32\IMM32.DLL
0x00007ff936920000 - 0x00007ff93692c000 	c:\Users\Admin\.vscode\extensions\redhat.java-1.53.0-win32-x64\jre\21.0.10-win32-x86_64\bin\vcruntime140_1.dll
0x00007ff8e8ff0000 - 0x00007ff8e907d000 	c:\Users\Admin\.vscode\extensions\redhat.java-1.53.0-win32-x64\jre\21.0.10-win32-x86_64\bin\msvcp140.dll
0x00007ff8b5cd0000 - 0x00007ff8b6a71000 	c:\Users\Admin\.vscode\extensions\redhat.java-1.53.0-win32-x64\jre\21.0.10-win32-x86_64\bin\server\jvm.dll
0x00007ff93d930000 - 0x00007ff93d9e4000 	C:\WINDOWS\System32\ADVAPI32.dll
0x00007ff93e630000 - 0x00007ff93e6d6000 	C:\WINDOWS\System32\sechost.dll
0x00007ff93e6e0000 - 0x00007ff93e7f8000 	C:\WINDOWS\System32\RPCRT4.dll
0x00007ff93e980000 - 0x00007ff93e9f4000 	C:\WINDOWS\System32\WS2_32.dll
0x00007ff93b180000 - 0x00007ff93b1de000 	C:\WINDOWS\SYSTEM32\POWRPROF.dll
0x00007ff926a00000 - 0x00007ff926a35000 	C:\WINDOWS\SYSTEM32\WINMM.dll
0x00007ff92ec00000 - 0x00007ff92ec0b000 	C:\WINDOWS\SYSTEM32\VERSION.dll
0x00007ff93b160000 - 0x00007ff93b174000 	C:\WINDOWS\SYSTEM32\UMPDC.dll
0x00007ff93a080000 - 0x00007ff93a09b000 	C:\WINDOWS\SYSTEM32\kernel.appcore.dll
0x00007ff92c720000 - 0x00007ff92c72a000 	c:\Users\Admin\.vscode\extensions\redhat.java-1.53.0-win32-x64\jre\21.0.10-win32-x86_64\bin\jimage.dll
0x00007ff939400000 - 0x00007ff939642000 	C:\WINDOWS\SYSTEM32\DBGHELP.DLL
0x00007ff93dc10000 - 0x00007ff93df96000 	C:\WINDOWS\System32\combase.dll
0x00007ff93e550000 - 0x00007ff93e627000 	C:\WINDOWS\System32\OLEAUT32.dll
0x00007ff923280000 - 0x00007ff9232bb000 	C:\WINDOWS\SYSTEM32\dbgcore.DLL
0x00007ff93c670000 - 0x00007ff93c715000 	C:\WINDOWS\System32\bcryptPrimitives.dll
0x00007ff92c710000 - 0x00007ff92c71f000 	c:\Users\Admin\.vscode\extensions\redhat.java-1.53.0-win32-x64\jre\21.0.10-win32-x86_64\bin\instrument.dll
0x00007ff92b9b0000 - 0x00007ff92b9d0000 	c:\Users\Admin\.vscode\extensions\redhat.java-1.53.0-win32-x64\jre\21.0.10-win32-x86_64\bin\java.dll
0x00007ff93ccb0000 - 0x00007ff93d402000 	C:\WINDOWS\System32\SHELL32.dll
0x00007ff93c4d0000 - 0x00007ff93c63a000 	C:\WINDOWS\System32\wintypes.dll
0x00007ff93bb30000 - 0x00007ff93c393000 	C:\WINDOWS\System32\windows.storage.dll
0x00007ff93e880000 - 0x00007ff93e976000 	C:\WINDOWS\System32\SHCORE.dll
0x00007ff93d5f0000 - 0x00007ff93d657000 	C:\WINDOWS\System32\shlwapi.dll
0x00007ff93b240000 - 0x00007ff93b269000 	C:\WINDOWS\SYSTEM32\profapi.dll
0x00007ff922f00000 - 0x00007ff922f18000 	c:\Users\Admin\.vscode\extensions\redhat.java-1.53.0-win32-x64\jre\21.0.10-win32-x86_64\bin\zip.dll
0x00007ff92b650000 - 0x00007ff92b660000 	C:\Users\Admin\.vscode\extensions\redhat.java-1.53.0-win32-x64\jre\21.0.10-win32-x86_64\bin\net.dll
0x00007ff934080000 - 0x00007ff9341a7000 	C:\WINDOWS\SYSTEM32\WINHTTP.dll
0x00007ff93a5e0000 - 0x00007ff93a64b000 	C:\WINDOWS\system32\mswsock.dll
0x00007ff902020000 - 0x00007ff902036000 	C:\Users\Admin\.vscode\extensions\redhat.java-1.53.0-win32-x64\jre\21.0.10-win32-x86_64\bin\nio.dll
0x00007ff92b120000 - 0x00007ff92b130000 	c:\Users\Admin\.vscode\extensions\redhat.java-1.53.0-win32-x64\jre\21.0.10-win32-x86_64\bin\verify.dll
0x00007ff919230000 - 0x00007ff919275000 	C:\Users\Admin\AppData\Roaming\Code\User\globalStorage\redhat.java\1.53.0\config_win\org.eclipse.equinox.launcher\org.eclipse.equinox.launcher.win32.win32.x86_64_1.3.0.v20260203-2149\eclipse_11919.dll
0x00007ff93d440000 - 0x00007ff93d5d7000 	C:\WINDOWS\System32\ole32.dll
0x00007ff936930000 - 0x00007ff93693a000 	C:\Users\Admin\.vscode\extensions\redhat.java-1.53.0-win32-x64\jre\21.0.10-win32-x86_64\bin\management.dll
0x00007ff92ac00000 - 0x00007ff92ac0c000 	C:\Users\Admin\.vscode\extensions\redhat.java-1.53.0-win32-x64\jre\21.0.10-win32-x86_64\bin\management_ext.dll
0x00007ff93d5e0000 - 0x00007ff93d5e8000 	C:\WINDOWS\System32\PSAPI.DLL
0x00007ff93a900000 - 0x00007ff93a91b000 	C:\WINDOWS\SYSTEM32\CRYPTSP.dll
0x00007ff939fe0000 - 0x00007ff93a019000 	C:\WINDOWS\system32\rsaenh.dll
0x00007ff93a690000 - 0x00007ff93a6bb000 	C:\WINDOWS\SYSTEM32\USERENV.dll
0x00007ff93b210000 - 0x00007ff93b23a000 	C:\WINDOWS\SYSTEM32\bcrypt.dll
0x00007ff93a920000 - 0x00007ff93a92c000 	C:\WINDOWS\SYSTEM32\CRYPTBASE.dll
0x00007ff939a80000 - 0x00007ff939ab4000 	C:\WINDOWS\SYSTEM32\IPHLPAPI.DLL
0x00007ff93d6f0000 - 0x00007ff93d6fa000 	C:\WINDOWS\System32\NSI.dll
0x00007ff9090d0000 - 0x00007ff909119000 	C:\Users\Admin\AppData\Local\Temp\jna-63116079\jna16954298258156530448.dll
0x00007ff9351f0000 - 0x00007ff93520e000 	C:\WINDOWS\SYSTEM32\dhcpcsvc6.DLL
0x00007ff9351a0000 - 0x00007ff9351c3000 	C:\WINDOWS\SYSTEM32\dhcpcsvc.DLL
0x00007ff91e7e0000 - 0x00007ff91e7ee000 	C:\Users\Admin\.vscode\extensions\redhat.java-1.53.0-win32-x64\jre\21.0.10-win32-x86_64\bin\sunmscapi.dll
0x00007ff93b920000 - 0x00007ff93ba97000 	C:\WINDOWS\System32\CRYPT32.dll
0x00007ff93aaa0000 - 0x00007ff93aad0000 	C:\WINDOWS\SYSTEM32\ncrypt.dll
0x00007ff93aa50000 - 0x00007ff93aa8f000 	C:\WINDOWS\SYSTEM32\NTASN1.dll
0x00007ff939ac0000 - 0x00007ff939bec000 	C:\WINDOWS\SYSTEM32\DNSAPI.dll
0x00007ff933cc0000 - 0x00007ff933ccb000 	C:\Windows\System32\rasadhlp.dll
0x00007ff9353e0000 - 0x00007ff935466000 	C:\WINDOWS\System32\fwpuclnt.dll
0x00007ff91bf20000 - 0x00007ff91bf29000 	C:\Users\Admin\.vscode\extensions\redhat.java-1.53.0-win32-x64\jre\21.0.10-win32-x86_64\bin\extnet.dll

JVMTI agents:
c:\Users\Admin\.vscode\extensions\redhat.java-1.53.0-win32-x64\lombok\lombok-1.18.39-4050.jar path:c:\Users\Admin\.vscode\extensions\redhat.java-1.53.0-win32-x64\jre\21.0.10-win32-x86_64\bin\instrument.dll, loaded, initialized, instrumentlib options:none

dbghelp: loaded successfully - version: 4.0.5 - missing functions: none
symbol engine: initialized successfully - sym options: 0x614 - pdb path: .;c:\Users\Admin\.vscode\extensions\redhat.java-1.53.0-win32-x64\jre\21.0.10-win32-x86_64\bin;C:\WINDOWS\SYSTEM32;C:\WINDOWS\WinSxS\amd64_microsoft.windows.common-controls_6595b64144ccf1df_6.0.26100.7824_none_3e0870b2e3345462;c:\Users\Admin\.vscode\extensions\redhat.java-1.53.0-win32-x64\jre\21.0.10-win32-x86_64\bin\server;C:\Users\Admin\AppData\Roaming\Code\User\globalStorage\redhat.java\1.53.0\config_win\org.eclipse.equinox.launcher\org.eclipse.equinox.launcher.win32.win32.x86_64_1.3.0.v20260203-2149;C:\Users\Admin\AppData\Local\Temp\jna-63116079

VM Arguments:
jvm_args: --add-modules=ALL-SYSTEM --add-opens=java.base/java.util=ALL-UNNAMED --add-opens=java.base/java.lang=ALL-UNNAMED --add-opens=java.base/sun.nio.fs=ALL-UNNAMED -Declipse.application=org.eclipse.jdt.ls.core.id1 -Dosgi.bundles.defaultStartLevel=4 -Declipse.product=org.eclipse.jdt.ls.core.product -Djava.import.generatesMetadataFilesAtProjectRoot=false -DDetectVMInstallationsJob.disabled=true -Dfile.encoding=utf8 -XX:+UseParallelGC -XX:GCTimeRatio=4 -XX:AdaptiveSizePolicyWeight=90 -Dsun.zip.disableMemoryMapping=true -Xmx2G -Xms100m -Xlog:disable -javaagent:c:\Users\Admin\.vscode\extensions\redhat.java-1.53.0-win32-x64\lombok\lombok-1.18.39-4050.jar -XX:+HeapDumpOnOutOfMemoryError -XX:HeapDumpPath=c:\Users\Admin\AppData\Roaming\Code\User\workspaceStorage\58a4dc84bdc1eb3e913a5ae57daeca2d\redhat.java -Daether.dependencyCollector.impl=bf 
java_command: c:\Users\Admin\.vscode\extensions\redhat.java-1.53.0-win32-x64\server\plugins\org.eclipse.equinox.launcher_1.7.100.v20251111-0406.jar -configuration c:\Users\Admin\AppData\Roaming\Code\User\globalStorage\redhat.java\1.53.0\config_win -data c:\Users\Admin\AppData\Roaming\Code\User\workspaceStorage\58a4dc84bdc1eb3e913a5ae57daeca2d\redhat.java\jdt_ws --pipe=\\.\pipe\lsp-4f9134bf9f51028fb925af767cac3765-sock
java_class_path (initial): c:\Users\Admin\.vscode\extensions\redhat.java-1.53.0-win32-x64\server\plugins\org.eclipse.equinox.launcher_1.7.100.v20251111-0406.jar
Launcher Type: SUN_STANDARD

[Global flags]
    uintx AdaptiveSizePolicyWeight                 = 90                                        {product} {command line}
     intx CICompilerCount                          = 3                                         {product} {ergonomic}
    uintx GCTimeRatio                              = 4                                         {product} {command line}
     bool HeapDumpOnOutOfMemoryError               = true                                   {manageable} {command line}
    ccstr HeapDumpPath                             = c:\Users\Admin\AppData\Roaming\Code\User\workspaceStorage\58a4dc84bdc1eb3e913a5ae57daeca2d\redhat.java         {manageable} {command line}
   size_t InitialHeapSize                          = 104857600                                 {product} {command line}
   size_t MaxHeapSize                              = 2147483648                                {product} {command line}
   size_t MaxNewSize                               = 715653120                                 {product} {ergonomic}
   size_t MinHeapDeltaBytes                        = 524288                                    {product} {ergonomic}
   size_t MinHeapSize                              = 104857600                                 {product} {command line}
   size_t NewSize                                  = 34603008                                  {product} {ergonomic}
    uintx NonNMethodCodeHeapSize                   = 5832780                                {pd product} {ergonomic}
    uintx NonProfiledCodeHeapSize                  = 122912730                              {pd product} {ergonomic}
   size_t OldSize                                  = 70254592                                  {product} {ergonomic}
    uintx ProfiledCodeHeapSize                     = 122912730                              {pd product} {ergonomic}
    uintx ReservedCodeCacheSize                    = 251658240                              {pd product} {ergonomic}
     bool SegmentedCodeCache                       = true                                      {product} {ergonomic}
   size_t SoftMaxHeapSize                          = 2147483648                             {manageable} {ergonomic}
     bool UseCompressedOops                        = true                           {product lp64_product} {ergonomic}
     bool UseLargePagesIndividualAllocation        = false                                  {pd product} {ergonomic}
     bool UseParallelGC                            = true                                      {product} {command line}

Logging:
Log output configuration:
 #0: stdout all=off uptime,level,tags foldmultilines=false
 #1: stderr all=off uptime,level,tags foldmultilines=false

Release file:
JAVA_VERSION="21.0.10" 
MODULES="java.base java.compiler java.datatransfer java.xml java.prefs java.desktop java.instrument java.logging java.management java.security.sasl java.naming java.rmi java.management.rmi java.net.http java.scripting java.security.jgss java.transaction.xa java.sql java.sql.rowset java.xml.crypto java.se java.smartcardio jdk.accessibility jdk.internal.jvmstat jdk.attach jdk.charsets jdk.internal.opt jdk.zipfs jdk.compiler jdk.crypto.ec jdk.crypto.cryptoki jdk.crypto.mscapi jdk.dynalink jdk.internal.ed jdk.editpad jdk.hotspot.agent jdk.httpserver jdk.internal.le jdk.internal.vm.ci jdk.internal.vm.compiler jdk.internal.vm.compiler.management jdk.jartool jdk.javadoc jdk.jcmd jdk.management jdk.management.agent jdk.jconsole jdk.jdeps jdk.jdwp.agent jdk.jdi jdk.jfr jdk.jshell jdk.jsobject jdk.jstatd jdk.localedata jdk.management.jfr jdk.naming.dns jdk.naming.rmi jdk.net jdk.nio.mapmode jdk.random jdk.sctp jdk.security.auth jdk.security.jgss jdk.unsupported jdk.unsupported.desktop jdk.xml.dom" 

Environment Variables:
JAVA_HOME=D:\
PATH=D:\bin;C:\Program Files\Common Files\Oracle\Java\javapath;C:\WINDOWS\system32;C:\WINDOWS;C:\WINDOWS\System32\Wbem;C:\WINDOWS\System32\WindowsPowerShell\v1.0\;C:\WINDOWS\System32\OpenSSH\;C:\Program Files\Microsoft SQL Server\Client SDK\ODBC\170\Tools\Binn\;C:\Program Files\nodejs\;C:\Program Files\Git\cmd;C:\Users\Admin\Downloads\apache-maven-3.9.6-bin\apache-maven-3.9.6\bin;;c:\Users\Admin\AppData\Local\Programs\cursor\resources\app\bin;C:\composer;C:\Program Files (x86)\Microsoft SQL Server\160\Tools\Binn\;C:\Program Files\Microsoft SQL Server\160\Tools\Binn\;C:\Program Files\Microsoft SQL Server\160\DTS\Binn\;C:\Program Files\dotnet\;C:\WINDOWS\system32;C:\WINDOWS;C:\WINDOWS\System32\Wbem;C:\WINDOWS\System32\WindowsPowerShell\v1.0\;C:\WINDOWS\System32\OpenSSH\;C:\Users\Admin\AppData\Local\Programs\Python\Python310\Scripts\;C:\Users\Admin\AppData\Local\Programs\Python\Python310\;C:\Program Files\MySQL\MySQL Shell 8.0\bin\;C:\Users\Admin\AppData\Local\Microsoft\WindowsApps;C:\Program Files\JetBrains\IntelliJ IDEA Community Edition 2024.2.0.2\bin;;C:\Program Files\Azure Data Studio\bin;C:\Users\Admin\AppData\Local\Programs\Microsoft VS Code\bin;C:\Users\Admin\AppData\Roaming\npm;D:\IntelliJ IDEA 2024.2.0.2\bin;;C:\xampp\php;C:\Users\Admin\composer;C:\Users\Admin\AppData\Roaming\Composer\vendor\bin;C:\Users\Admin\AppData\Local\GitHubDesktop\bin;C:\Users\Admin\AppData\Local\Programs\Windsurf\bin;C:\Users\Admin\.dotnet\tools;
USERNAME=Admin
OS=Windows_NT
PROCESSOR_IDENTIFIER=Intel64 Family 6 Model 140 Stepping 1, GenuineIntel
TMP=C:\Users\Admin\AppData\Local\Temp
TEMP=C:\Users\Admin\AppData\Local\Temp




Periodic native trim disabled

---------------  S Y S T E M  ---------------

OS:
 Windows 11 , 64 bit Build 26100 (10.0.26100.7705)
OS uptime: 4 days 5:32 hours
Hyper-V role detected

CPU: total 4 (initial active 4) (2 cores per cpu, 2 threads per core) family 6 model 140 stepping 1 microcode 0xa6, cx8, cmov, fxsr, ht, mmx, 3dnowpref, sse, sse2, sse3, ssse3, sse4.1, sse4.2, popcnt, lzcnt, tsc, tscinvbit, avx, avx2, aes, erms, clmul, bmi1, bmi2, adx, avx512f, avx512dq, avx512cd, avx512bw, avx512vl, sha, fma, vzeroupper, avx512_vpopcntdq, avx512_vpclmulqdq, avx512_vaes, avx512_vnni, clflush, clflushopt, clwb, avx512_vbmi2, avx512_vbmi, hv, rdtscp, rdpid, fsrm, gfni, avx512_bitalg, f16c, cet_ibt, cet_ss, avx512_ifma
Processor Information for the first 4 processors :
  Max Mhz: 2995, Current Mhz: 2995, Mhz Limit: 2995

Memory: 4k page, system-wide physical 7886M (935M free)
TotalPageFile size 23556M (AvailPageFile size 116M)
current process WorkingSet (physical memory assigned to process): 10M, peak: 798M
current process commit charge ("private bytes"): 1227M, peak: 1791M

vm_info: OpenJDK 64-Bit Server VM (21.0.10+7-LTS) for windows-amd64 JRE (21.0.10+7-LTS), built on 2026-01-20T00:00:00Z by "admin" with MS VC++ 17.12 (VS2022)

END.
